============================= test session starts =============================
platform win32 -- Python 3.12.5, pytest-9.0.2, pluggy-1.6.0 -- C:\Users\Acme\AppData\Local\Programs\Python\Python312\python.exe
cachedir: .pytest_cache
rootdir: E:\Scrapy
plugins: anyio-4.4.0
collecting ... collected 2 items

car_scraper/tests/test_meta_microdata.py::test_meta_tags PASSED          [ 50%]
car_scraper/tests/test_meta_microdata.py::test_microdata PASSED          [100%]

============================== warnings summary ===============================
car_scraper/tests/test_meta_microdata.py::test_meta_tags
car_scraper/tests/test_meta_microdata.py::test_meta_tags
car_scraper/tests/test_meta_microdata.py::test_microdata
  C:\Users\Acme\AppData\Local\Programs\Python\Python312\Lib\site-packages\bs4\builder\_lxml.py:124: DeprecationWarning: The 'strip_cdata' option of HTMLParser() has never done anything and will eventually be removed.
    parser = parser(

-- Docs: https://docs.pytest.org/en/stable/how-to/capture-warnings.html
======================== 2 passed, 3 warnings in 0.14s ========================
